// Jest Snapshot v1, https://goo.gl/fbAQLP

exports[`Entry Component debe de hacer match con el snapshot  1`] = `[Function]`;
